
> my-app@0.1.0 build
> vite build

[33mThe CJS build of Vite's Node API is deprecated. See https://vite.dev/guide/troubleshooting.html#vite-cjs-node-api-deprecated for more details.[39m
[36mvite v5.4.21 [32mbuilding for production...[36m[39m
transforming...
[32m✓[39m 1776 modules transformed.
[31mx[39m Build failed in 1.45s
[31merror during build:
[31msrc/items_phu/item_cua_khoa/page_hien.tsx (5:9): "addKhoa" is not exported by "src/ApiCall/KhoaApi.ts", imported by "src/items_phu/item_cua_khoa/page_hien.tsx".[31m
file: [36mC:/CN_Wed_1/fontend/src/items_phu/item_cua_khoa/page_hien.tsx:5:9[31m
[33m
3: import React, { useState, useEffect } from "react";
4: import { Building2, Phone, Mail, User, Save, X } from "lucide-react";
5: import { addKhoa } from "@/ApiCall/KhoaApi";
            ^
6: 
7: type KhoaFormData = {
[31m
    at getRollupError (file:///C:/CN_Wed_1/fontend/node_modules/rollup/dist/es/shared/parseAst.js:406:41)
    at error (file:///C:/CN_Wed_1/fontend/node_modules/rollup/dist/es/shared/parseAst.js:402:42)
    at Module.error (file:///C:/CN_Wed_1/fontend/node_modules/rollup/dist/es/shared/node-entry.js:17380:16)
    at Module.traceVariable (file:///C:/CN_Wed_1/fontend/node_modules/rollup/dist/es/shared/node-entry.js:17813:29)
    at ModuleScope.findVariable (file:///C:/CN_Wed_1/fontend/node_modules/rollup/dist/es/shared/node-entry.js:15403:39)
    at FunctionScope.findVariable (file:///C:/CN_Wed_1/fontend/node_modules/rollup/dist/es/shared/node-entry.js:5676:38)
    at FunctionBodyScope.findVariable (file:///C:/CN_Wed_1/fontend/node_modules/rollup/dist/es/shared/node-entry.js:5676:38)
    at ReturnValueScope.findVariable (file:///C:/CN_Wed_1/fontend/node_modules/rollup/dist/es/shared/node-entry.js:5676:38)
    at FunctionBodyScope.findVariable (file:///C:/CN_Wed_1/fontend/node_modules/rollup/dist/es/shared/node-entry.js:5676:38)
    at BlockScope.findVariable (file:///C:/CN_Wed_1/fontend/node_modules/rollup/dist/es/shared/node-entry.js:5676:38)[39m
